// Jest Snapshot v1, https://goo.gl/fbAQLP

exports[`AccountSelectMenuView has render method 1`] = `
<div>
  <!---->
  
  
  <label
    for="selectAccountId-test guid"
  >
    <!---->
    Account
    <!---->
  </label>
  
  
  <select
    class="select-account-id form-control"
    id="selectAccountId-test guid"
  >
    
    
    <option
      value=""
    >
      [Choose Account]
    </option>
    
  
  </select>
  

  <!---->
</div>
`;
