// Jest Snapshot v1, https://goo.gl/fbAQLP

exports[`AccountIndexView has render method 1`] = `
<div>
  <!---->
  
  
  <div
    class="row"
  >
    
    
    <div
      class="col"
    >
      
      
      <h1>
        Chart of Accounts
      </h1>
      
      
      <p>
        
        This is your 
        <a
          href="https://en.wikipedia.org/wiki/Chart_of_accounts"
        >
          Chart of Accounts
        </a>
        
      
      </p>
      
      
      <p>
        
        Click 
        <span
          class="icon icon-plus"
        />
         to add a subaccount,
        
        <span
          class="icon icon-pencil"
        />
         to edit an account,
        
        <span
          class="icon icon-trash"
        />
         to delete an account.
      </p>
      
      
      <p>
        
        Assets, Liabilities, Income, Expense, and Equity are required accounts
        and may not be edited or deleted.
      
      </p>
      
      
      <p>
        [TODO: load subtypes in form correctly]
      </p>
      
    
    </div>
    
  
  </div>
  
  
  <div
    class="row"
  >
    
    
    <div
      class="accounts col"
      id="tableContainer"
    >
      
    
    </div>
    
  
  </div>
  
  
  <div
    class="row"
  >
    
    
    <div
      class="col"
    >
      
      
      <p>
        [TODO: add ability to import COA from existing sources]
      </p>
      
      
      <p>
        [TODO: add chart builder tool]
      </p>
      
    
    </div>
    
  
  </div>
  

  <!---->
</div>
`;
