// Jest Snapshot v1, https://goo.gl/fbAQLP

exports[`AccountFormView has render method 1`] = `
<div>
  <!---->
  
  
  <div
    aria-hidden="true"
    class="modal fade"
    id="modalForm"
    role="dialog"
    tabindex="-1"
  >
    
    
    <div
      class="modal-dialog modal-xl modal-dialog-centered"
      role="document"
    >
      
      
      <div
        class="modal-content"
      >
        
        
        <div
          class="modal-header"
        >
          
          
          <h3
            class="modal-title"
          >
            Title
          </h3>
          
        
        </div>
        
        
        <form
          class="account-editor form"
        >
          
          
          <div
            class="modal-body"
          >
            
            
            <div
              class="form-row"
            >
              
              
              <div
                class="form-group col"
              >
                
                
                <div
                  id="parentSelect"
                >
                  <div>
                    <!---->
                    
  
                    <label
                      for="selectAccountId-test guid"
                    >
                      <!---->
                      Parent Account
                      <!---->
                    </label>
                    
  
                    <select
                      class="select-account-id form-control"
                      id="selectAccountId-test guid"
                    >
                      
    
                      <option
                        value=""
                      >
                        [Choose Account]
                      </option>
                      
  
                      <option
                        value="1"
                      >
                        Assets
                      </option>
                      <option
                        value="3"
                      >
                        Assets::Checking
                      </option>
                      <option
                        value="4"
                      >
                        Assets::Investments
                      </option>
                      <option
                        value="5"
                      >
                        Assets::Investments::401k
                      </option>
                      <option
                        value="2"
                      >
                        Assets::Savings
                      </option>
                      <option
                        value="10"
                      >
                        Liabilities
                      </option>
                      <option
                        value="11"
                      >
                        Liabilities::Car Loan
                      </option>
                      <option
                        value="12"
                      >
                        Liabilities::Mortgage
                      </option>
                    </select>
                    

                    <!---->
                  </div>
                </div>
                
              
              </div>
              
            
            </div>
            
            
            <div
              class="form-row"
            >
              
              
              <div
                class="form-group col"
              >
                
                
                <div
                  id="commoditySelect"
                >
                  <div>
                    <!---->
                    
  
                    <label
                      for="selectCommodityId-test guid"
                    >
                      <!---->
                      Currency
                      <!---->
                    </label>
                    
  
                    <select
                      class="select-commodity-id form-control"
                      id="selectCommodityId-test guid"
                    >
                      
    
                      <option
                        value=""
                      >
                        [Choose Commodity]
                      </option>
                      
  
                      <option
                        value="undefined"
                      />
                    </select>
                    

                    <!---->
                  </div>
                </div>
                
              
              </div>
              
            
            </div>
            
            
            <div
              class="form-row"
            >
              
              
              <div
                class="form-group col"
              >
                
                
                <label
                  for="accountName"
                >
                  Name
                </label>
                
                
                <input
                  class="mr-3 form-control"
                  id="accountName"
                  type="text"
                  value="Assets"
                />
                
              
              </div>
              
            
            </div>
            
            
            <div
              class="form-row"
            >
              
              
              <div
                class="form-group col"
              >
                
                
                <div
                  class="form-check"
                >
                  
                  
                  <input
                    checked=""
                    class="form-check-input"
                    id="isPlaceholder"
                    type="checkbox"
                  />
                  
                  
                  <label
                    class="form-check-label"
                    for="isPlaceholder"
                  >
                    
                    Is Placeholder
                  
                  </label>
                  
                
                </div>
                
              
              </div>
              
            
            </div>
            
          
          </div>
          
          
          <div
            class="modal-footer"
          >
            
            
            <div
              class="form-row"
            >
              
              
              <div
                class="form-group"
              >
                
                
                <button
                  class="save btn btn-success mr-2"
                >
                  <span
                    class="icon-solid-check"
                  />
                   Save
                </button>
                
                
                <button
                  class="cancel btn btn-danger"
                >
                  <span
                    class="icon-close"
                  />
                   Cancel
                </button>
                
              
              </div>
              
            
            </div>
            
          
          </div>
          
        
        </form>
        
      
      </div>
      
    
    </div>
    
  
  </div>
  
  

  <!---->
</div>
`;
