// Jest Snapshot v1, https://goo.gl/fbAQLP

exports[`ApiKeyView has render method 1`] = `
<tr
  class="display"
>
  <!---->
  
  
  <td>
    <!---->
    <!---->
  </td>
  
  
  <td>
    <!---->
    <!---->
  </td>
  
  
  <td>
    
    
    <button
      class="create btn btn-sm btn-icon btn-outline-secondary"
    >
      <span
        class="icon-pencil"
      />
      <span
        class="sr-only"
      >
        Edit
      </span>
    </button>
    
    
    <button
      class="delete btn btn-sm btn-icon btn-outline-danger"
    >
      <span
        class="icon-trash"
      />
      <span
        class="sr-only"
      >
        Delete
      </span>
    </button>
    
  
  </td>
  

  <!---->
</tr>
`;
