// Jest Snapshot v1, https://goo.gl/fbAQLP

exports[`OfxView has render method 1`] = `
[MockFunction] {
  "calls": Array [
    Array [
      Array [
        "
  <td>",
        "</td>
  <td>",
        "</td>
  <td>",
        "</td>
  <td>",
        "</td>
  <td>",
        "</td>
  <td>",
        "</td>
  <td>",
        "</td>
  <td>",
        "</td>
  <td>",
        "</td>
  <td>
    <button class=\\"edit btn btn-sm btn-icon btn-outline-secondary\\" data-toggle=\\"modal\\" data-target=\\"#modalForm\\">
      <span class=\\"icon-pencil\\"></span>
    </button>
    <button class=\\"delete btn btn-sm btn-icon btn-outline-danger\\"><span class=\\"icon-trash\\"></span></button>
  </td>
",
      ],
      undefined,
      undefined,
      undefined,
      undefined,
      undefined,
      undefined,
      undefined,
      undefined,
      undefined,
    ],
  ],
  "results": Array [
    Object {
      "type": "return",
      "value": "htmlTemplate",
    },
  ],
}
`;
