// Jest Snapshot v1, https://goo.gl/fbAQLP

exports[`ApiKeyIndexView.render() creates/fetches an ApiKeyCollection and calls fetchSuccess on success 1`] = `
<div>
  <!---->
  
  
  <div
    class="row"
  >
    
    
    <div
      class="col"
    >
      
      
      <h1>
        API Keys
      </h1>
      
      
      <table
        class="table"
      >
        
        
        <tbody>
          <tr>
            
          
            <th>
              Description
            </th>
            
          
            <th>
              Key Value
            </th>
            
          
            <th />
            
        
          </tr>
          
      
        </tbody>
      </table>
      
      
      <p>
        [TODO: Add Information on getting an AlphaVantage API key]
      </p>
      
    
    </div>
    
  
  </div>
  

  <!---->
</div>
`;
