// Jest Snapshot v1, https://goo.gl/fbAQLP

exports[`ReceiptIndexView.render() get media permissions 1`] = `
<div>
  <!---->
  
  
  <div
    class="row"
  >
    
    
    <div
      class="col"
    >
      
      
      <h1>
        Receipts
      </h1>
      
      
      <video
        autoplay=""
        playsinline=""
        style="width:340px;height:240px;"
      />
      
      
      <button
        id="snapshot-btn"
      >
        Take snapshot
      </button>
      
      
      <img
        id="snapshot-img"
      />
      
      
      <canvas />
      
    
    </div>
    
  
  </div>
  

  <!---->
</div>
`;
