// Jest Snapshot v1, https://goo.gl/fbAQLP

exports[`CommodityIndexView has render method 1`] = `
[MockFunction] {
  "calls": Array [
    Array [
      Array [
        "
  <div class='row'>
    <div class='col'>
      <h1>Commodities</h1>
      <button id='createCommodity' class='btn btn-primary'>
        <span class='icon-plus'></span> New Commodity
      </button>
      <table class='table mt-3'>
        <tr>
          <th>Name</th>
          <th>Description</th>
          <th>Type</th>
          <th>Ticker</th>
          <th>Fraction</th>
          <th></th>
        </tr>
      </table>
    </div>
  </div>
",
      ],
    ],
  ],
  "results": Array [
    Object {
      "type": "return",
      "value": "htmlTemplate",
    },
  ],
}
`;
