// Jest Snapshot v1, https://goo.gl/fbAQLP

exports[`MortgageIndexView has render method 1`] = `
<div>
  <!---->
  
  
  <div
    class="row"
  >
    
    
    <div
      class="col"
    >
      
      
      <h1>
        Mortgage Tools
      </h1>
      
      
      <p>
        Try the 
        <a
          href="/mortgage/amort"
        >
          Amortization Tool
        </a>
      </p>
      
    
    </div>
    
  
  </div>
  

  <!---->
</div>
`;
