// Jest Snapshot v1, https://goo.gl/fbAQLP

exports[`HomeView has render method 1`] = `
[MockFunction] {
  "calls": Array [
    Array [
      Array [
        "
  <div class='row'>
    <div class='col'>
      <h1>Oink! Oink!</h1>
      <p>Welcome to Piggy Bank.</p>
      <p>This is a personal finance app. It is free software and the
        source code is at <a href=\\"https://github.com/mlibby/PiggyBank\\">GitHub</a>.
      </p>
    </div>
  </div>
",
      ],
    ],
  ],
  "results": Array [
    Object {
      "type": "return",
      "value": "htmlTemplate",
    },
  ],
}
`;
