// Jest Snapshot v1, https://goo.gl/fbAQLP

exports[`BudgetIndexView has render method 1`] = `
[MockFunction] {
  "calls": Array [
    Array [
      Array [
        "
  <div class='row'>
    <div class='col'>
      <h1>Budget</h1>
      <p>[TODO: Add Budget Plan Table]</p>
    </div>
  </div>
",
      ],
    ],
  ],
  "results": Array [
    Object {
      "type": "return",
      "value": "htmlTemplate",
    },
  ],
}
`;
