// Jest Snapshot v1, https://goo.gl/fbAQLP

exports[`MortgageAmortizationView has render method 1`] = `
<div>
  <!---->
  
  
  <div
    class="row"
  >
    
    
    <div
      class="col"
    >
      
      
      <h1>
        Mortgage Amortization
      </h1>
      
    
    </div>
    
  
  </div>
  
  
  <form
    class="form"
  >
    
    
    <div
      class="row"
    >
      
      
      <div
        class="form-group col-3"
      >
        
        
        <label
          for="loan-amount"
        >
          Loan Amount
        </label>
        
        
        <input
          class="form-control"
          id="loan-amount"
          type="number"
          value="0.0"
        />
        
      
      </div>
      
      
      <div
        class="form-group col-3"
      >
        
        
        <label
          for="interest-rate"
        >
          Interest Rate (% APR)
        </label>
        
        
        <input
          class="form-control"
          id="interest-rate"
          type="number"
          value="0.0"
        />
        
      
      </div>
      
      
      <div
        class="form-group col-3"
      >
        
        
        <label
          for="payments"
        >
          Payments
        </label>
        
        
        <input
          class="form-control"
          id="payments"
          type="number"
          value="0"
        />
        
      
      </div>
      
      
      <div
        class="form-group col-3"
      >
        
        
        <label
          for="payment-period"
        >
          Payment Period
        </label>
        
        
        <select
          class="form-control"
          id="payment-period"
        >
          
          
          <option>
            Monthly
          </option>
          
        
        </select>
        
      
      </div>
      
    
    </div>
    
    
    <div
      class="row"
    >
      
      
      <div
        class="form-group col"
      >
        
        
        <button
          class="calculate btn btn-success"
        >
          <span
            class="icon-calculator"
          />
           Calculate
        </button>
        
      
      </div>
      
    
    </div>
    
  
  </form>
  
  
  <div
    class="row"
  >
    
    
    <div
      class="col"
    >
      
      
      <h2>
        Payment Amount: $
        <span
          id="payment-amount"
        >
          --.--
        </span>
      </h2>
      
    
    </div>
    
  
  </div>
  

  <!---->
</div>
`;
