// Jest Snapshot v1, https://goo.gl/fbAQLP

exports[`MortgageAmortizationView has render method 1`] = `
<div>
  <!---->
  
  
  <div
    class="row"
  >
    
    
    <div
      class="col"
    >
      
      
      <h1>
        Mortgage Amortization
      </h1>
      
      
      <p>
        Enter some values, click the button, get a chart
      </p>
      
    
    </div>
    
  
  </div>
  

  <!---->
</div>
`;
